[nlp_pipeline.py] Procesando PDFs a Markdown:  36%|███▌      | 952/2667 [23:13<44:39,  1.56s/it]
[nlp_pipeline.py] Procesando PDFs a Markdown:  36%|███▌      | 953/2667 [23:15<43:24,  1.52s/it]
[nlp_pipeline.py] Procesando PDFs a Markdown:  36%|███▌      | 954/2667 [23:16<42:14,  1.48s/it]
[nlp_pipeline.py] Procesando PDFs a Markdown:  36%|███▌      | 955/2667 [23:17<33:28,  1.17s/it]
[nlp_pipeline.py] Procesando PDFs a Markdown:  36%|███▌      | 956/2667 [23:21<1:00:46,  2.13s/it]
[nlp_pipeline.py] Procesando PDFs a Markdown:  36%|███▌      | 957/2667 [23:23<55:37,  1.95s/it]
[nlp_pipeline.py] Procesando PDFs a Markdown:  36%|███▌      | 958/2667 [23:24<50:11,  1.76s/it]
[nlp_pipeline.py] Procesando PDFs a Markdown:  36%|███▌      | 959/2667 [23:25<46:52,  1.65s/it]
[nlp_pipeline.py] Procesando PDFs a Markdown:  36%|███▌      | 960/2667 [23:27<44:14,  1.56s/it]
[nlp_pipeline.py] Procesando PDFs a Markdown:  36%|███▌      | 961/2667 [23:28<42:59,  1.51s/it]
[nlp_pipeline.py] Procesando PDFs a Markdown:  36%|███▌      | 962/2667 [23:30<44:55,  1.58s/it]
[nlp_pipeline.py] Procesando PDFs a Markdown:  36%|███▌      | 963/2667 [23:30<34:22,  1.21s/it]
[nlp_pipeline.py] Procesando PDFs a Markdown:  36%|███▌      | 964/2667 [23:32<35:47,  1.26s/it]
[nlp_pipeline.py] Procesando PDFs a Markdown:  36%|███▌      | 965/2667 [23:33<41:51,  1.48s/it]
[nlp_pipeline.py] Procesando PDFs a Markdown:  36%|███▌      | 966/2667 [23:36<47:23,  1.67s/it]
[nlp_pipeline.py] Procesando PDFs a Markdown:  36%|███▋      | 967/2667 [23:40<1:06:22,  2.34s/it]
[nlp_pipeline.py] Procesando PDFs a Markdown:  36%|███▋      | 968/2667 [23:41<58:48,  2.08s/it]
[nlp_pipeline.py] Procesando PDFs a Markdown:  36%|███▋      | 969/2667 [23:42<52:02,  1.84s/it]
[nlp_pipeline.py] Procesando PDFs a Markdown:  36%|███▋      | 970/2667 [23:44<50:43,  1.79s/it]
[nlp_pipeline.py] Procesando PDFs a Markdown:  36%|███▋      | 971/2667 [23:45<46:23,  1.64s/it]
[nlp_pipeline.py] Procesando PDFs a Markdown:  36%|███▋      | 972/2667 [23:47<45:06,  1.60s/it]
[nlp_pipeline.py] Procesando PDFs a Markdown:  36%|███▋      | 973/2667 [23:48<39:26,  1.40s/it]
[nlp_pipeline.py] Procesando PDFs a Markdown:  37%|███▋      | 974/2667 [23:48<34:00,  1.21s/it]
[nlp_pipeline.py] Procesando PDFs a Markdown:  37%|███▋      | 975/2667 [23:49<27:52,  1.01it/s]
[nlp_pipeline.py] Procesando PDFs a Markdown:  37%|███▋      | 976/2667 [23:50<29:04,  1.03s/it]
[nlp_pipeline.py] Procesando PDFs a Markdown:  37%|███▋      | 977/2667 [23:53<42:05,  1.49s/it]
[nlp_pipeline.py] Procesando PDFs a Markdown:  37%|███▋      | 978/2667 [23:54<43:16,  1.54s/it]
[nlp_pipeline.py] Procesando PDFs a Markdown:  37%|███▋      | 979/2667 [23:56<43:53,  1.56s/it]
[nlp_pipeline.py] Procesando PDFs a Markdown:  37%|███▋      | 980/2667 [23:58<45:42,  1.63s/it]
[nlp_pipeline.py] Procesando PDFs a Markdown:  37%|███▋      | 981/2667 [23:59<47:32,  1.69s/it]
[nlp_pipeline.py] Procesando PDFs a Markdown:  37%|███▋      | 982/2667 [24:00<39:54,  1.42s/it]
[nlp_pipeline.py] Procesando PDFs a Markdown:  37%|███▋      | 983/2667 [24:01<36:33,  1.30s/it]
[nlp_pipeline.py] Procesando PDFs a Markdown:  37%|███▋      | 984/2667 [24:03<39:12,  1.40s/it]
[nlp_pipeline.py] Procesando PDFs a Markdown:  37%|███▋      | 985/2667 [24:04<32:52,  1.17s/it]
[nlp_pipeline.py] Procesando PDFs a Markdown:  37%|███▋      | 986/2667 [24:05<31:04,  1.11s/it]
[nlp_pipeline.py] Procesando PDFs a Markdown:  37%|███▋      | 987/2667 [24:06<30:03,  1.07s/it]
[nlp_pipeline.py] Procesando PDFs a Markdown:  37%|███▋      | 988/2667 [24:07<33:32,  1.20s/it]
[nlp_pipeline.py] Procesando PDFs a Markdown:  37%|███▋      | 989/2667 [24:09<41:21,  1.48s/it]
[nlp_pipeline.py] Procesando PDFs a Markdown:  37%|███▋      | 990/2667 [24:11<42:31,  1.52s/it]
[nlp_pipeline.py] Procesando PDFs a Markdown:  37%|███▋      | 991/2667 [24:12<38:38,  1.38s/it]
[nlp_pipeline.py] Procesando PDFs a Markdown:  37%|███▋      | 992/2667 [24:13<39:28,  1.41s/it]
[nlp_pipeline.py] Procesando PDFs a Markdown:  37%|███▋      | 993/2667 [24:16<52:19,  1.88s/it]
[nlp_pipeline.py] Procesando PDFs a Markdown:  37%|███▋      | 994/2667 [24:18<47:14,  1.69s/it]
[nlp_pipeline.py] Procesando PDFs a Markdown:  37%|███▋      | 995/2667 [24:20<51:18,  1.84s/it]
[nlp_pipeline.py] Procesando PDFs a Markdown:  37%|███▋      | 996/2667 [24:21<44:33,  1.60s/it]
[nlp_pipeline.py] Procesando PDFs a Markdown:  37%|███▋      | 997/2667 [24:22<41:03,  1.48s/it]
[nlp_pipeline.py] Procesando PDFs a Markdown:  37%|███▋      | 998/2667 [24:25<54:23,  1.96s/it]
[nlp_pipeline.py] Procesando PDFs a Markdown:  37%|███▋      | 999/2667 [24:26<44:59,  1.62s/it]
[nlp_pipeline.py] Procesando PDFs a Markdown:  37%|███▋      | 1000/2667 [24:27<42:15,  1.52s/it]
[nlp_pipeline.py] Procesando PDFs a Markdown:  38%|███▊      | 1001/2667 [24:28<36:24,  1.31s/it]
[nlp_pipeline.py] Procesando PDFs a Markdown:  38%|███▊      | 1002/2667 [24:30<44:03,  1.59s/it]
[nlp_pipeline.py] Procesando PDFs a Markdown:  38%|███▊      | 1003/2667 [24:31<39:43,  1.43s/it]
[nlp_pipeline.py] Procesando PDFs a Markdown:  38%|███▊      | 1004/2667 [24:32<37:21,  1.35s/it]
[nlp_pipeline.py] Procesando PDFs a Markdown:  38%|███▊      | 1005/2667 [24:33<32:07,  1.16s/it]
[nlp_pipeline.py] Procesando PDFs a Markdown:  38%|███▊      | 1006/2667 [24:35<35:28,  1.28s/it]
[nlp_pipeline.py] Procesando PDFs a Markdown:  38%|███▊      | 1007/2667 [24:36<34:43,  1.26s/it]
[nlp_pipeline.py] Procesando PDFs a Markdown:  38%|███▊      | 1008/2667 [24:37<36:01,  1.30s/it]
[nlp_pipeline.py] Procesando PDFs a Markdown:  38%|███▊      | 1009/2667 [24:39<35:04,  1.27s/it]
[nlp_pipeline.py] Procesando PDFs a Markdown:  38%|███▊      | 1010/2667 [24:40<35:17,  1.28s/it]
[nlp_pipeline.py] Procesando PDFs a Markdown:  38%|███▊      | 1011/2667 [24:41<36:02,  1.31s/it]
[nlp_pipeline.py] Procesando PDFs a Markdown:  38%|███▊      | 1012/2667 [24:43<38:57,  1.41s/it]
[nlp_pipeline.py] Procesando PDFs a Markdown:  38%|███▊      | 1013/2667 [24:44<37:14,  1.35s/it]
[nlp_pipeline.py] Procesando PDFs a Markdown:  38%|███▊      | 1014/2667 [24:45<35:00,  1.27s/it]
[nlp_pipeline.py] Procesando PDFs a Markdown:  38%|███▊      | 1015/2667 [24:46<31:27,  1.14s/it]
[nlp_pipeline.py] Procesando PDFs a Markdown:  38%|███▊      | 1016/2667 [24:48<35:45,  1.30s/it]
[nlp_pipeline.py] Procesando PDFs a Markdown:  38%|███▊      | 1017/2667 [24:48<29:57,  1.09s/it]
[nlp_pipeline.py] Procesando PDFs a Markdown:  38%|███▊      | 1018/2667 [24:49<24:53,  1.10it/s]
[nlp_pipeline.py] Procesando PDFs a Markdown:  38%|███▊      | 1019/2667 [24:49<23:43,  1.16it/s]
[nlp_pipeline.py] Procesando PDFs a Markdown:  38%|███▊      | 1020/2667 [24:50<19:02,  1.44it/s]
[nlp_pipeline.py] Procesando PDFs a Markdown:  38%|███▊      | 1021/2667 [24:51<19:49,  1.38it/s]
[nlp_pipeline.py] Procesando PDFs a Markdown:  38%|███▊      | 1022/2667 [24:53<30:15,  1.10s/it]
[nlp_pipeline.py] Procesando PDFs a Markdown:  38%|███▊      | 1023/2667 [24:55<39:59,  1.46s/it]
[nlp_pipeline.py] Procesando PDFs a Markdown:  38%|███▊      | 1024/2667 [24:56<36:02,  1.32s/it]
[nlp_pipeline.py] Procesando PDFs a Markdown:  38%|███▊      | 1025/2667 [24:58<41:30,  1.52s/it]
[nlp_pipeline.py] Procesando PDFs a Markdown:  38%|███▊      | 1026/2667 [25:02<1:02:10,  2.27s/it]
[nlp_pipeline.py] Procesando PDFs a Markdown:  39%|███▊      | 1027/2667 [25:04<1:01:25,  2.25s/it]
[nlp_pipeline.py] Procesando PDFs a Markdown:  39%|███▊      | 1028/2667 [25:05<51:53,  1.90s/it]
[nlp_pipeline.py] Procesando PDFs a Markdown:  39%|███▊      | 1029/2667 [25:08<57:00,  2.09s/it]
[nlp_pipeline.py] Procesando PDFs a Markdown:  39%|███▊      | 1030/2667 [25:09<51:55,  1.90s/it]
[nlp_pipeline.py] Procesando PDFs a Markdown:  39%|███▊      | 1031/2667 [25:13<1:09:12,  2.54s/it]
[nlp_pipeline.py] Procesando PDFs a Markdown:  39%|███▊      | 1032/2667 [25:15<1:03:41,  2.34s/it]
[nlp_pipeline.py] Procesando PDFs a Markdown:  39%|███▊      | 1033/2667 [25:17<59:54,  2.20s/it]
[nlp_pipeline.py] Procesando PDFs a Markdown:  39%|███▉      | 1034/2667 [25:18<52:40,  1.94s/it]
[nlp_pipeline.py] Procesando PDFs a Markdown:  39%|███▉      | 1035/2667 [25:22<1:05:16,  2.40s/it]
[nlp_pipeline.py] Procesando PDFs a Markdown:  39%|███▉      | 1036/2667 [25:24<1:01:45,  2.27s/it]
[nlp_pipeline.py] Procesando PDFs a Markdown:  39%|███▉      | 1037/2667 [25:27<1:13:17,  2.70s/it]
[nlp_pipeline.py] Procesando PDFs a Markdown:  39%|███▉      | 1038/2667 [25:28<52:50,  1.95s/it]
[nlp_pipeline.py] Procesando PDFs a Markdown:  39%|███▉      | 1039/2667 [25:29<48:44,  1.80s/it]
[nlp_pipeline.py] Procesando PDFs a Markdown:  39%|███▉      | 1040/2667 [25:31<46:54,  1.73s/it]
[nlp_pipeline.py] Procesando PDFs a Markdown:  39%|███▉      | 1041/2667 [25:32<41:13,  1.52s/it]
[nlp_pipeline.py] Procesando PDFs a Markdown:  39%|███▉      | 1042/2667 [25:33<39:03,  1.44s/it]
[nlp_pipeline.py] Procesando PDFs a Markdown:  39%|███▉      | 1043/2667 [25:34<35:51,  1.32s/it]
[nlp_pipeline.py] Procesando PDFs a Markdown:  39%|███▉      | 1044/2667 [25:35<34:12,  1.26s/it]
[nlp_pipeline.py] Procesando PDFs a Markdown:  39%|███▉      | 1045/2667 [25:38<45:26,  1.68s/it]
[nlp_pipeline.py] Procesando PDFs a Markdown:  39%|███▉      | 1046/2667 [25:40<50:21,  1.86s/it]
[nlp_pipeline.py] Procesando PDFs a Markdown:  39%|███▉      | 1047/2667 [25:41<45:33,  1.69s/it]
[nlp_pipeline.py] Procesando PDFs a Markdown:  39%|███▉      | 1048/2667 [25:42<36:05,  1.34s/it]
[nlp_pipeline.py] Procesando PDFs a Markdown:  39%|███▉      | 1049/2667 [25:43<36:57,  1.37s/it]
[nlp_pipeline.py] Procesando PDFs a Markdown:  39%|███▉      | 1050/2667 [25:46<45:30,  1.69s/it]
[nlp_pipeline.py] Procesando PDFs a Markdown:  39%|███▉      | 1051/2667 [25:47<39:32,  1.47s/it]
[nlp_pipeline.py] Procesando PDFs a Markdown:  39%|███▉      | 1052/2667 [25:47<33:04,  1.23s/it]
[nlp_pipeline.py] Procesando PDFs a Markdown:  39%|███▉      | 1053/2667 [25:49<34:53,  1.30s/it]
[nlp_pipeline.py] Procesando PDFs a Markdown:  40%|███▉      | 1054/2667 [25:50<30:43,  1.14s/it]
[nlp_pipeline.py] Procesando PDFs a Markdown:  40%|███▉      | 1055/2667 [25:51<31:57,  1.19s/it]
[nlp_pipeline.py] Procesando PDFs a Markdown:  40%|███▉      | 1056/2667 [25:52<27:51,  1.04s/it]
[nlp_pipeline.py] Procesando PDFs a Markdown:  40%|███▉      | 1057/2667 [25:53<31:58,  1.19s/it]
[nlp_pipeline.py] Procesando PDFs a Markdown:  40%|███▉      | 1058/2667 [25:54<31:52,  1.19s/it]
[nlp_pipeline.py] Procesando PDFs a Markdown:  40%|███▉      | 1059/2667 [25:55<30:44,  1.15s/it]
[nlp_pipeline.py] Procesando PDFs a Markdown:  40%|███▉      | 1060/2667 [25:58<46:03,  1.72s/it]
[nlp_pipeline.py] Procesando PDFs a Markdown:  40%|███▉      | 1061/2667 [25:59<36:16,  1.36s/it]
[nlp_pipeline.py] Procesando PDFs a Markdown:  40%|███▉      | 1062/2667 [25:59<28:28,  1.06s/it]
[nlp_pipeline.py] Procesando PDFs a Markdown:  40%|███▉      | 1063/2667 [26:00<29:33,  1.11s/it]
[nlp_pipeline.py] Procesando PDFs a Markdown:  40%|███▉      | 1064/2667 [26:01<28:27,  1.07s/it]
[nlp_pipeline.py] Procesando PDFs a Markdown:  40%|███▉      | 1065/2667 [26:03<30:08,  1.13s/it]
[nlp_pipeline.py] Procesando PDFs a Markdown:  40%|███▉      | 1066/2667 [26:03<26:51,  1.01s/it]
[nlp_pipeline.py] Procesando PDFs a Markdown:  40%|████      | 1067/2667 [26:05<30:33,  1.15s/it]
[nlp_pipeline.py] Procesando PDFs a Markdown:  40%|████      | 1068/2667 [26:06<26:41,  1.00s/it]
[nlp_pipeline.py] Procesando PDFs a Markdown:  40%|████      | 1069/2667 [26:07<30:43,  1.15s/it]
[nlp_pipeline.py] Procesando PDFs a Markdown:  40%|████      | 1070/2667 [26:08<25:28,  1.04it/s]
[nlp_pipeline.py] Procesando PDFs a Markdown:  40%|████      | 1071/2667 [26:09<26:19,  1.01it/s]
[nlp_pipeline.py] Procesando PDFs a Markdown:  40%|████      | 1072/2667 [26:10<32:02,  1.21s/it]
[nlp_pipeline.py] Procesando PDFs a Markdown:  40%|████      | 1073/2667 [26:11<25:43,  1.03it/s]
[nlp_pipeline.py] Procesando PDFs a Markdown:  40%|████      | 1074/2667 [26:12<26:11,  1.01it/s]
[nlp_pipeline.py] Procesando PDFs a Markdown:  40%|████      | 1075/2667 [26:13<26:41,  1.01s/it]
[nlp_pipeline.py] Procesando PDFs a Markdown:  40%|████      | 1076/2667 [26:15<33:22,  1.26s/it]
[nlp_pipeline.py] Procesando PDFs a Markdown:  40%|████      | 1077/2667 [26:16<33:59,  1.28s/it]
[nlp_pipeline.py] Procesando PDFs a Markdown:  40%|████      | 1078/2667 [26:18<40:48,  1.54s/it]
[nlp_pipeline.py] Procesando PDFs a Markdown:  40%|████      | 1079/2667 [26:19<38:38,  1.46s/it]
[nlp_pipeline.py] Procesando PDFs a Markdown:  40%|████      | 1080/2667 [26:21<41:31,  1.57s/it]
[nlp_pipeline.py] Procesando PDFs a Markdown:  41%|████      | 1081/2667 [26:23<45:43,  1.73s/it]
[nlp_pipeline.py] Procesando PDFs a Markdown:  41%|████      | 1082/2667 [26:24<33:57,  1.29s/it]
[nlp_pipeline.py] Procesando PDFs a Markdown:  41%|████      | 1083/2667 [26:24<29:56,  1.13s/it]
[nlp_pipeline.py] Procesando PDFs a Markdown:  41%|████      | 1084/2667 [26:26<33:01,  1.25s/it]
[nlp_pipeline.py] Procesando PDFs a Markdown:  41%|████      | 1085/2667 [26:28<36:53,  1.40s/it]
[nlp_pipeline.py] Procesando PDFs a Markdown:  41%|████      | 1086/2667 [26:29<38:56,  1.48s/it]
[nlp_pipeline.py] Procesando PDFs a Markdown:  41%|████      | 1087/2667 [26:30<33:31,  1.27s/it]
[nlp_pipeline.py] Procesando PDFs a Markdown:  41%|████      | 1088/2667 [26:31<32:16,  1.23s/it]
[nlp_pipeline.py] Procesando PDFs a Markdown:  41%|████      | 1089/2667 [26:32<30:54,  1.17s/it]
[nlp_pipeline.py] Procesando PDFs a Markdown:  41%|████      | 1090/2667 [26:35<43:35,  1.66s/it]
[nlp_pipeline.py] Procesando PDFs a Markdown:  41%|████      | 1091/2667 [26:38<55:02,  2.10s/it]
[nlp_pipeline.py] Procesando PDFs a Markdown:  41%|████      | 1092/2667 [26:39<41:15,  1.57s/it]
[nlp_pipeline.py] Procesando PDFs a Markdown:  41%|████      | 1093/2667 [26:39<31:24,  1.20s/it]
[nlp_pipeline.py] Procesando PDFs a Markdown:  41%|████      | 1094/2667 [26:39<26:09,  1.00it/s]
[nlp_pipeline.py] Procesando PDFs a Markdown:  41%|████      | 1095/2667 [26:40<21:30,  1.22it/s]
[nlp_pipeline.py] Procesando PDFs a Markdown:  41%|████      | 1096/2667 [26:41<22:40,  1.15it/s]
[nlp_pipeline.py] Procesando PDFs a Markdown:  41%|████      | 1097/2667 [26:42<26:51,  1.03s/it]
[nlp_pipeline.py] Procesando PDFs a Markdown:  41%|████      | 1098/2667 [26:44<29:49,  1.14s/it]
[nlp_pipeline.py] Procesando PDFs a Markdown:  41%|████      | 1099/2667 [26:46<43:02,  1.65s/it]
[nlp_pipeline.py] Procesando PDFs a Markdown:  41%|████      | 1100/2667 [26:48<43:53,  1.68s/it]
[nlp_pipeline.py] Procesando PDFs a Markdown:  41%|████▏     | 1101/2667 [26:49<39:40,  1.52s/it]
[nlp_pipeline.py] Procesando PDFs a Markdown:  41%|████▏     | 1102/2667 [26:50<35:07,  1.35s/it]
[nlp_pipeline.py] Procesando PDFs a Markdown:  41%|████▏     | 1103/2667 [26:51<32:59,  1.27s/it]
[nlp_pipeline.py] Procesando PDFs a Markdown:  41%|████▏     | 1104/2667 [26:53<38:41,  1.49s/it]
[nlp_pipeline.py] Procesando PDFs a Markdown:  41%|████▏     | 1105/2667 [26:54<29:30,  1.13s/it]
[nlp_pipeline.py] Procesando PDFs a Markdown:  41%|████▏     | 1106/2667 [26:55<31:42,  1.22s/it]
[nlp_pipeline.py] Procesando PDFs a Markdown:  42%|████▏     | 1107/2667 [26:55<23:14,  1.12it/s]
[nlp_pipeline.py] Procesando PDFs a Markdown:  42%|████▏     | 1108/2667 [26:57<30:22,  1.17s/it]
[nlp_pipeline.py] Procesando PDFs a Markdown:  42%|████▏     | 1109/2667 [27:00<42:21,  1.63s/it]
[nlp_pipeline.py] Procesando PDFs a Markdown:  42%|████▏     | 1110/2667 [27:00<35:18,  1.36s/it]
[nlp_pipeline.py] Procesando PDFs a Markdown:  42%|████▏     | 1111/2667 [27:02<34:11,  1.32s/it]
[nlp_pipeline.py] Procesando PDFs a Markdown:  42%|████▏     | 1112/2667 [27:03<33:59,  1.31s/it]
[nlp_pipeline.py] Procesando PDFs a Markdown:  42%|████▏     | 1113/2667 [27:04<28:58,  1.12s/it]
[nlp_pipeline.py] Procesando PDFs a Markdown:  42%|████▏     | 1114/2667 [27:04<26:03,  1.01s/it]
[nlp_pipeline.py] Procesando PDFs a Markdown:  42%|████▏     | 1115/2667 [27:06<27:54,  1.08s/it]
[nlp_pipeline.py] Procesando PDFs a Markdown:  42%|████▏     | 1116/2667 [27:07<32:24,  1.25s/it]
[nlp_pipeline.py] Procesando PDFs a Markdown:  42%|████▏     | 1117/2667 [27:08<29:57,  1.16s/it]
[nlp_pipeline.py] Procesando PDFs a Markdown:  42%|████▏     | 1118/2667 [27:09<28:57,  1.12s/it]
[nlp_pipeline.py] Procesando PDFs a Markdown:  42%|████▏     | 1119/2667 [27:10<29:10,  1.13s/it]
[nlp_pipeline.py] Procesando PDFs a Markdown:  42%|████▏     | 1120/2667 [27:12<30:34,  1.19s/it]
[nlp_pipeline.py] Procesando PDFs a Markdown:  42%|████▏     | 1121/2667 [27:13<31:25,  1.22s/it]
[nlp_pipeline.py] Procesando PDFs a Markdown:  42%|████▏     | 1122/2667 [27:15<36:10,  1.40s/it]
[nlp_pipeline.py] Procesando PDFs a Markdown:  42%|████▏     | 1123/2667 [27:16<35:20,  1.37s/it]
[nlp_pipeline.py] Procesando PDFs a Markdown:  42%|████▏     | 1124/2667 [27:17<28:00,  1.09s/it]
[nlp_pipeline.py] Procesando PDFs a Markdown:  42%|████▏     | 1125/2667 [27:18<28:50,  1.12s/it]
[nlp_pipeline.py] Procesando PDFs a Markdown:  42%|████▏     | 1126/2667 [27:19<25:59,  1.01s/it]
[nlp_pipeline.py] Procesando PDFs a Markdown:  42%|████▏     | 1127/2667 [27:20<25:59,  1.01s/it]
[nlp_pipeline.py] Procesando PDFs a Markdown:  42%|████▏     | 1128/2667 [27:21<31:58,  1.25s/it]
[nlp_pipeline.py] Procesando PDFs a Markdown:  42%|████▏     | 1129/2667 [27:23<35:39,  1.39s/it]
[nlp_pipeline.py] Procesando PDFs a Markdown:  42%|████▏     | 1130/2667 [27:25<41:13,  1.61s/it]
[nlp_pipeline.py] Procesando PDFs a Markdown:  42%|████▏     | 1131/2667 [27:27<45:13,  1.77s/it]
[nlp_pipeline.py] Procesando PDFs a Markdown:  42%|████▏     | 1132/2667 [27:28<37:58,  1.48s/it]
[nlp_pipeline.py] Procesando PDFs a Markdown:  42%|████▏     | 1133/2667 [27:30<39:28,  1.54s/it]
[nlp_pipeline.py] Procesando PDFs a Markdown:  43%|████▎     | 1134/2667 [27:30<31:31,  1.23s/it]
[nlp_pipeline.py] Procesando PDFs a Markdown:  43%|████▎     | 1135/2667 [27:32<35:21,  1.38s/it]
[nlp_pipeline.py] Procesando PDFs a Markdown:  43%|████▎     | 1136/2667 [27:33<33:17,  1.30s/it]
[nlp_pipeline.py] Procesando PDFs a Markdown:  43%|████▎     | 1137/2667 [27:35<35:14,  1.38s/it]
[nlp_pipeline.py] Procesando PDFs a Markdown:  43%|████▎     | 1138/2667 [27:36<32:53,  1.29s/it]
[nlp_pipeline.py] Procesando PDFs a Markdown:  43%|████▎     | 1139/2667 [27:38<40:32,  1.59s/it]
[nlp_pipeline.py] Procesando PDFs a Markdown:  43%|████▎     | 1140/2667 [27:39<33:50,  1.33s/it]
[nlp_pipeline.py] Procesando PDFs a Markdown:  43%|████▎     | 1141/2667 [27:40<31:08,  1.22s/it]
[nlp_pipeline.py] Procesando PDFs a Markdown:  43%|████▎     | 1142/2667 [27:42<36:52,  1.45s/it]
[nlp_pipeline.py] Procesando PDFs a Markdown:  43%|████▎     | 1143/2667 [27:43<35:04,  1.38s/it]
[nlp_pipeline.py] Procesando PDFs a Markdown:  43%|████▎     | 1144/2667 [27:45<38:56,  1.53s/it]
[nlp_pipeline.py] Procesando PDFs a Markdown:  43%|████▎     | 1145/2667 [27:47<39:30,  1.56s/it]
[nlp_pipeline.py] Procesando PDFs a Markdown:  43%|████▎     | 1146/2667 [27:50<57:35,  2.27s/it]
[nlp_pipeline.py] Procesando PDFs a Markdown:  43%|████▎     | 1147/2667 [27:51<45:29,  1.80s/it]
[nlp_pipeline.py] Procesando PDFs a Markdown:  43%|████▎     | 1148/2667 [27:52<40:23,  1.60s/it]
[nlp_pipeline.py] Procesando PDFs a Markdown:  43%|████▎     | 1149/2667 [27:54<40:09,  1.59s/it]
[nlp_pipeline.py] Procesando PDFs a Markdown:  43%|████▎     | 1150/2667 [27:54<30:08,  1.19s/it]
[nlp_pipeline.py] Procesando PDFs a Markdown:  43%|████▎     | 1151/2667 [27:55<30:11,  1.19s/it]
[nlp_pipeline.py] Procesando PDFs a Markdown:  43%|████▎     | 1152/2667 [27:56<26:57,  1.07s/it]
[nlp_pipeline.py] Procesando PDFs a Markdown:  43%|████▎     | 1153/2667 [27:57<24:48,  1.02it/s]
[nlp_pipeline.py] Procesando PDFs a Markdown:  43%|████▎     | 1154/2667 [27:59<35:46,  1.42s/it]
[nlp_pipeline.py] Procesando PDFs a Markdown:  43%|████▎     | 1155/2667 [28:00<28:48,  1.14s/it]
[nlp_pipeline.py] Procesando PDFs a Markdown:  43%|████▎     | 1156/2667 [28:00<23:53,  1.05it/s]
[nlp_pipeline.py] Procesando PDFs a Markdown:  43%|████▎     | 1157/2667 [28:01<23:09,  1.09it/s]
[nlp_pipeline.py] Procesando PDFs a Markdown:  43%|████▎     | 1158/2667 [28:02<23:51,  1.05it/s]
[nlp_pipeline.py] Procesando PDFs a Markdown:  43%|████▎     | 1159/2667 [28:04<29:50,  1.19s/it]
[nlp_pipeline.py] Procesando PDFs a Markdown:  43%|████▎     | 1160/2667 [28:06<33:09,  1.32s/it]
[nlp_pipeline.py] Procesando PDFs a Markdown:  44%|████▎     | 1161/2667 [28:07<33:09,  1.32s/it]
[nlp_pipeline.py] Procesando PDFs a Markdown:  44%|████▎     | 1162/2667 [28:08<35:15,  1.41s/it]
[nlp_pipeline.py] Procesando PDFs a Markdown:  44%|████▎     | 1163/2667 [28:10<35:50,  1.43s/it]
[nlp_pipeline.py] Procesando PDFs a Markdown:  44%|████▎     | 1164/2667 [28:11<30:33,  1.22s/it]
[nlp_pipeline.py] Procesando PDFs a Markdown:  44%|████▎     | 1165/2667 [28:12<30:33,  1.22s/it]
[nlp_pipeline.py] Procesando PDFs a Markdown:  44%|████▎     | 1166/2667 [28:12<24:31,  1.02it/s]
[nlp_pipeline.py] Procesando PDFs a Markdown:  44%|████▍     | 1167/2667 [28:15<33:28,  1.34s/it]
[nlp_pipeline.py] Procesando PDFs a Markdown:  44%|████▍     | 1168/2667 [28:15<30:42,  1.23s/it]
[nlp_pipeline.py] Procesando PDFs a Markdown:  44%|████▍     | 1169/2667 [28:17<32:36,  1.31s/it]
[nlp_pipeline.py] Procesando PDFs a Markdown:  44%|████▍     | 1170/2667 [28:18<28:26,  1.14s/it]
[nlp_pipeline.py] Procesando PDFs a Markdown:  44%|████▍     | 1171/2667 [28:18<24:35,  1.01it/s]
[nlp_pipeline.py] Procesando PDFs a Markdown:  44%|████▍     | 1172/2667 [28:20<31:01,  1.25s/it]
[nlp_pipeline.py] Procesando PDFs a Markdown:  44%|████▍     | 1173/2667 [28:21<28:13,  1.13s/it]
[nlp_pipeline.py] Procesando PDFs a Markdown:  44%|████▍     | 1174/2667 [28:22<27:55,  1.12s/it]
[nlp_pipeline.py] Procesando PDFs a Markdown:  44%|████▍     | 1175/2667 [28:23<28:16,  1.14s/it]
[nlp_pipeline.py] Procesando PDFs a Markdown:  44%|████▍     | 1176/2667 [28:25<33:55,  1.36s/it]
[nlp_pipeline.py] Procesando PDFs a Markdown:  44%|████▍     | 1177/2667 [28:27<36:18,  1.46s/it]
[nlp_pipeline.py] Procesando PDFs a Markdown:  44%|████▍     | 1178/2667 [28:28<37:02,  1.49s/it]
[nlp_pipeline.py] Procesando PDFs a Markdown:  44%|████▍     | 1179/2667 [28:29<31:52,  1.29s/it]
[nlp_pipeline.py] Procesando PDFs a Markdown:  44%|████▍     | 1180/2667 [28:30<24:05,  1.03it/s]
[nlp_pipeline.py] Procesando PDFs a Markdown:  44%|████▍     | 1181/2667 [28:31<31:20,  1.27s/it]
[nlp_pipeline.py] Procesando PDFs a Markdown:  44%|████▍     | 1182/2667 [28:32<27:42,  1.12s/it]
[nlp_pipeline.py] Procesando PDFs a Markdown:  44%|████▍     | 1183/2667 [28:33<26:26,  1.07s/it]
[nlp_pipeline.py] Procesando PDFs a Markdown:  44%|████▍     | 1184/2667 [28:35<28:19,  1.15s/it]
[nlp_pipeline.py] Procesando PDFs a Markdown:  44%|████▍     | 1185/2667 [28:36<27:24,  1.11s/it]
[nlp_pipeline.py] Procesando PDFs a Markdown:  44%|████▍     | 1186/2667 [28:37<27:25,  1.11s/it]
[nlp_pipeline.py] Procesando PDFs a Markdown:  45%|████▍     | 1187/2667 [28:38<28:59,  1.18s/it]
[nlp_pipeline.py] Procesando PDFs a Markdown:  45%|████▍     | 1188/2667 [28:39<29:00,  1.18s/it]
[nlp_pipeline.py] Procesando PDFs a Markdown:  45%|████▍     | 1189/2667 [28:42<42:52,  1.74s/it]
[nlp_pipeline.py] Procesando PDFs a Markdown:  45%|████▍     | 1190/2667 [28:45<51:22,  2.09s/it]
[nlp_pipeline.py] Procesando PDFs a Markdown:  45%|████▍     | 1191/2667 [28:48<1:00:46,  2.47s/it]
[nlp_pipeline.py] Procesando PDFs a Markdown:  45%|████▍     | 1192/2667 [28:49<43:46,  1.78s/it]
[nlp_pipeline.py] Procesando PDFs a Markdown:  45%|████▍     | 1193/2667 [28:51<48:52,  1.99s/it]
[nlp_pipeline.py] Procesando PDFs a Markdown:  45%|████▍     | 1194/2667 [28:52<41:50,  1.70s/it]
[nlp_pipeline.py] Procesando PDFs a Markdown:  45%|████▍     | 1195/2667 [28:54<45:06,  1.84s/it]
[nlp_pipeline.py] Procesando PDFs a Markdown:  45%|████▍     | 1196/2667 [28:56<42:05,  1.72s/it]
[nlp_pipeline.py] Procesando PDFs a Markdown:  45%|████▍     | 1197/2667 [28:58<44:33,  1.82s/it]
[nlp_pipeline.py] Procesando PDFs a Markdown:  45%|████▍     | 1198/2667 [28:59<39:52,  1.63s/it]
[nlp_pipeline.py] Procesando PDFs a Markdown:  45%|████▍     | 1199/2667 [29:01<39:39,  1.62s/it]
[nlp_pipeline.py] Procesando PDFs a Markdown:  45%|████▍     | 1200/2667 [29:02<40:21,  1.65s/it]
[nlp_pipeline.py] Procesando PDFs a Markdown:  45%|████▌     | 1201/2667 [29:03<35:21,  1.45s/it]
[nlp_pipeline.py] Procesando PDFs a Markdown:  45%|████▌     | 1202/2667 [29:06<42:14,  1.73s/it]
[nlp_pipeline.py] Procesando PDFs a Markdown:  45%|████▌     | 1203/2667 [29:08<43:52,  1.80s/it]
[nlp_pipeline.py] Procesando PDFs a Markdown:  45%|████▌     | 1204/2667 [29:10<47:29,  1.95s/it]
[nlp_pipeline.py] Procesando PDFs a Markdown:  45%|████▌     | 1205/2667 [29:12<46:22,  1.90s/it]
[nlp_pipeline.py] Procesando PDFs a Markdown:  45%|████▌     | 1206/2667 [29:13<40:24,  1.66s/it]
[nlp_pipeline.py] Procesando PDFs a Markdown:  45%|████▌     | 1207/2667 [29:14<36:33,  1.50s/it]
[nlp_pipeline.py] Procesando PDFs a Markdown:  45%|████▌     | 1208/2667 [29:17<46:21,  1.91s/it]
[nlp_pipeline.py] Procesando PDFs a Markdown:  45%|████▌     | 1209/2667 [29:21<1:00:00,  2.47s/it]
[nlp_pipeline.py] Procesando PDFs a Markdown:  45%|████▌     | 1210/2667 [29:22<51:58,  2.14s/it]
[nlp_pipeline.py] Procesando PDFs a Markdown:  45%|████▌     | 1211/2667 [29:24<50:02,  2.06s/it]
[nlp_pipeline.py] Procesando PDFs a Markdown:  45%|████▌     | 1212/2667 [29:25<46:29,  1.92s/it]
[nlp_pipeline.py] Procesando PDFs a Markdown:  45%|████▌     | 1213/2667 [29:26<38:31,  1.59s/it]
[nlp_pipeline.py] Procesando PDFs a Markdown:  46%|████▌     | 1214/2667 [29:27<34:30,  1.42s/it]
[nlp_pipeline.py] Procesando PDFs a Markdown:  46%|████▌     | 1215/2667 [29:29<36:01,  1.49s/it]
[nlp_pipeline.py] Procesando PDFs a Markdown:  46%|████▌     | 1216/2667 [29:30<32:29,  1.34s/it]
[nlp_pipeline.py] Procesando PDFs a Markdown:  46%|████▌     | 1217/2667 [29:32<34:30,  1.43s/it]
[nlp_pipeline.py] Procesando PDFs a Markdown:  46%|████▌     | 1218/2667 [29:33<30:59,  1.28s/it]
[nlp_pipeline.py] Procesando PDFs a Markdown:  46%|████▌     | 1219/2667 [29:34<31:53,  1.32s/it]
[nlp_pipeline.py] Procesando PDFs a Markdown:  46%|████▌     | 1220/2667 [29:37<46:11,  1.92s/it]
[nlp_pipeline.py] Procesando PDFs a Markdown:  46%|████▌     | 1221/2667 [29:39<43:55,  1.82s/it]
[nlp_pipeline.py] Procesando PDFs a Markdown:  46%|████▌     | 1222/2667 [29:40<39:28,  1.64s/it]
[nlp_pipeline.py] Procesando PDFs a Markdown:  46%|████▌     | 1223/2667 [29:40<29:14,  1.22s/it]
[nlp_pipeline.py] Procesando PDFs a Markdown:  46%|████▌     | 1224/2667 [29:41<28:14,  1.17s/it]
[nlp_pipeline.py] Procesando PDFs a Markdown:  46%|████▌     | 1225/2667 [29:42<22:57,  1.05it/s]
[nlp_pipeline.py] Procesando PDFs a Markdown:  46%|████▌     | 1226/2667 [29:43<22:07,  1.09it/s]
[nlp_pipeline.py] Procesando PDFs a Markdown:  46%|████▌     | 1227/2667 [29:43<16:55,  1.42it/s]
[nlp_pipeline.py] Procesando PDFs a Markdown:  46%|████▌     | 1228/2667 [29:44<20:10,  1.19it/s]
[nlp_pipeline.py] Procesando PDFs a Markdown:  46%|████▌     | 1229/2667 [29:45<21:10,  1.13it/s]
[nlp_pipeline.py] Procesando PDFs a Markdown:  46%|████▌     | 1230/2667 [29:45<16:08,  1.48it/s]
[nlp_pipeline.py] Procesando PDFs a Markdown:  46%|████▌     | 1231/2667 [29:45<12:31,  1.91it/s]
[nlp_pipeline.py] Procesando PDFs a Markdown:  46%|████▌     | 1232/2667 [29:46<11:02,  2.17it/s]
[nlp_pipeline.py] Procesando PDFs a Markdown:  46%|████▌     | 1233/2667 [29:47<14:57,  1.60it/s]
[nlp_pipeline.py] Procesando PDFs a Markdown:  46%|████▋     | 1234/2667 [29:48<17:00,  1.40it/s]
[nlp_pipeline.py] Procesando PDFs a Markdown:  46%|████▋     | 1235/2667 [29:49<22:44,  1.05it/s]
[nlp_pipeline.py] Procesando PDFs a Markdown:  46%|████▋     | 1236/2667 [29:51<32:55,  1.38s/it]
[nlp_pipeline.py] Procesando PDFs a Markdown:  46%|████▋     | 1237/2667 [29:52<28:45,  1.21s/it]
[nlp_pipeline.py] Procesando PDFs a Markdown:  46%|████▋     | 1238/2667 [29:53<22:33,  1.06it/s]
[nlp_pipeline.py] Procesando PDFs a Markdown:  46%|████▋     | 1239/2667 [29:54<22:19,  1.07it/s]
[nlp_pipeline.py] Procesando PDFs a Markdown:  46%|████▋     | 1240/2667 [29:55<24:05,  1.01s/it]
[nlp_pipeline.py] Procesando PDFs a Markdown:  47%|████▋     | 1241/2667 [29:58<40:44,  1.71s/it]
[nlp_pipeline.py] Procesando PDFs a Markdown:  47%|████▋     | 1242/2667 [29:58<30:45,  1.29s/it]
[nlp_pipeline.py] Procesando PDFs a Markdown:  47%|████▋     | 1243/2667 [30:00<33:36,  1.42s/it]
[nlp_pipeline.py] Procesando PDFs a Markdown:  47%|████▋     | 1244/2667 [30:01<32:56,  1.39s/it]
[nlp_pipeline.py] Procesando PDFs a Markdown:  47%|████▋     | 1245/2667 [30:03<33:05,  1.40s/it]
[nlp_pipeline.py] Procesando PDFs a Markdown:  47%|████▋     | 1246/2667 [30:04<28:05,  1.19s/it]
[nlp_pipeline.py] Procesando PDFs a Markdown:  47%|████▋     | 1247/2667 [30:04<21:57,  1.08it/s]
[nlp_pipeline.py] Procesando PDFs a Markdown:  47%|████▋     | 1248/2667 [30:05<24:05,  1.02s/it]
[nlp_pipeline.py] Procesando PDFs a Markdown:  47%|████▋     | 1249/2667 [30:06<21:19,  1.11it/s]
[nlp_pipeline.py] Procesando PDFs a Markdown:  47%|████▋     | 1250/2667 [30:07<25:51,  1.10s/it]
[nlp_pipeline.py] Procesando PDFs a Markdown:  47%|████▋     | 1251/2667 [30:09<28:21,  1.20s/it]
[nlp_pipeline.py] Procesando PDFs a Markdown:  47%|████▋     | 1252/2667 [30:10<29:01,  1.23s/it]
[nlp_pipeline.py] Procesando PDFs a Markdown:  47%|████▋     | 1253/2667 [30:11<26:51,  1.14s/it]
[nlp_pipeline.py] Procesando PDFs a Markdown:  47%|████▋     | 1254/2667 [30:12<27:19,  1.16s/it]
[nlp_pipeline.py] Procesando PDFs a Markdown:  47%|████▋     | 1255/2667 [30:14<31:19,  1.33s/it]
[nlp_pipeline.py] Procesando PDFs a Markdown:  47%|████▋     | 1256/2667 [30:16<40:09,  1.71s/it]
[nlp_pipeline.py] Procesando PDFs a Markdown:  47%|████▋     | 1257/2667 [30:17<31:29,  1.34s/it]
[nlp_pipeline.py] Procesando PDFs a Markdown:  47%|████▋     | 1258/2667 [30:18<33:06,  1.41s/it]
[nlp_pipeline.py] Procesando PDFs a Markdown:  47%|████▋     | 1259/2667 [30:22<44:52,  1.91s/it]
[nlp_pipeline.py] Procesando PDFs a Markdown:  47%|████▋     | 1260/2667 [30:23<38:31,  1.64s/it]
[nlp_pipeline.py] Procesando PDFs a Markdown:  47%|████▋     | 1261/2667 [30:25<42:33,  1.82s/it]
[nlp_pipeline.py] Procesando PDFs a Markdown:  47%|████▋     | 1262/2667 [30:26<36:11,  1.55s/it]
[nlp_pipeline.py] Procesando PDFs a Markdown:  47%|████▋     | 1263/2667 [30:27<32:38,  1.39s/it]
[nlp_pipeline.py] Procesando PDFs a Markdown:  47%|████▋     | 1264/2667 [30:27<27:28,  1.17s/it]
[nlp_pipeline.py] Procesando PDFs a Markdown:  47%|████▋     | 1265/2667 [30:29<31:25,  1.34s/it]
[nlp_pipeline.py] Procesando PDFs a Markdown:  47%|████▋     | 1266/2667 [30:32<42:52,  1.84s/it]
[nlp_pipeline.py] Procesando PDFs a Markdown:  48%|████▊     | 1267/2667 [30:34<41:19,  1.77s/it]
[nlp_pipeline.py] Procesando PDFs a Markdown:  48%|████▊     | 1268/2667 [30:36<43:02,  1.85s/it]
[nlp_pipeline.py] Procesando PDFs a Markdown:  48%|████▊     | 1269/2667 [30:37<40:48,  1.75s/it]
[nlp_pipeline.py] Procesando PDFs a Markdown:  48%|████▊     | 1270/2667 [30:41<55:49,  2.40s/it]
[nlp_pipeline.py] Procesando PDFs a Markdown:  48%|████▊     | 1271/2667 [30:42<46:45,  2.01s/it]
[nlp_pipeline.py] Procesando PDFs a Markdown:  48%|████▊     | 1272/2667 [30:44<41:41,  1.79s/it]
[nlp_pipeline.py] Procesando PDFs a Markdown:  48%|████▊     | 1273/2667 [30:45<36:51,  1.59s/it]
[nlp_pipeline.py] Procesando PDFs a Markdown:  48%|████▊     | 1274/2667 [30:47<38:26,  1.66s/it]
[nlp_pipeline.py] Procesando PDFs a Markdown:  48%|████▊     | 1275/2667 [30:49<40:57,  1.77s/it]
[nlp_pipeline.py] Procesando PDFs a Markdown:  48%|████▊     | 1276/2667 [30:52<49:15,  2.13s/it]
[nlp_pipeline.py] Procesando PDFs a Markdown:  48%|████▊     | 1277/2667 [30:54<49:01,  2.12s/it]
[nlp_pipeline.py] Procesando PDFs a Markdown:  48%|████▊     | 1278/2667 [30:54<37:16,  1.61s/it]
[nlp_pipeline.py] Procesando PDFs a Markdown:  48%|████▊     | 1279/2667 [30:59<57:47,  2.50s/it]
[nlp_pipeline.py] Procesando PDFs a Markdown:  48%|████▊     | 1280/2667 [30:59<44:33,  1.93s/it]
[nlp_pipeline.py] Procesando PDFs a Markdown:  48%|████▊     | 1281/2667 [31:04<1:03:39,  2.76s/it]
[nlp_pipeline.py] Procesando PDFs a Markdown:  48%|████▊     | 1282/2667 [31:06<57:11,  2.48s/it]
[nlp_pipeline.py] Procesando PDFs a Markdown:  48%|████▊     | 1283/2667 [31:08<53:52,  2.34s/it]
[nlp_pipeline.py] Procesando PDFs a Markdown:  48%|████▊     | 1284/2667 [31:08<39:19,  1.71s/it]
[nlp_pipeline.py] Procesando PDFs a Markdown:  48%|████▊     | 1285/2667 [31:08<30:29,  1.32s/it]
[nlp_pipeline.py] Procesando PDFs a Markdown:  48%|████▊     | 1286/2667 [31:10<29:01,  1.26s/it]
[nlp_pipeline.py] Procesando PDFs a Markdown:  48%|████▊     | 1287/2667 [31:11<31:28,  1.37s/it]
[nlp_pipeline.py] Procesando PDFs a Markdown:  48%|████▊     | 1288/2667 [31:13<31:19,  1.36s/it]
[nlp_pipeline.py] Procesando PDFs a Markdown:  48%|████▊     | 1289/2667 [31:13<27:33,  1.20s/it]
[nlp_pipeline.py] Procesando PDFs a Markdown:  48%|████▊     | 1290/2667 [31:14<24:38,  1.07s/it]
[nlp_pipeline.py] Procesando PDFs a Markdown:  48%|████▊     | 1291/2667 [31:16<27:26,  1.20s/it]
[nlp_pipeline.py] Procesando PDFs a Markdown:  48%|████▊     | 1292/2667 [31:18<32:59,  1.44s/it]
[nlp_pipeline.py] Procesando PDFs a Markdown:  48%|████▊     | 1293/2667 [31:18<25:53,  1.13s/it]
[nlp_pipeline.py] Procesando PDFs a Markdown:  49%|████▊     | 1294/2667 [31:19<27:45,  1.21s/it]
[nlp_pipeline.py] Procesando PDFs a Markdown:  49%|████▊     | 1295/2667 [31:21<28:50,  1.26s/it]
[nlp_pipeline.py] Procesando PDFs a Markdown:  49%|████▊     | 1296/2667 [31:22<31:11,  1.36s/it]
[nlp_pipeline.py] Procesando PDFs a Markdown:  49%|████▊     | 1297/2667 [31:25<37:54,  1.66s/it]
[nlp_pipeline.py] Procesando PDFs a Markdown:  49%|████▊     | 1298/2667 [31:28<50:08,  2.20s/it]
[nlp_pipeline.py] Procesando PDFs a Markdown:  49%|████▊     | 1299/2667 [31:31<50:57,  2.24s/it]
[nlp_pipeline.py] Procesando PDFs a Markdown:  49%|████▊     | 1300/2667 [31:33<49:58,  2.19s/it]
[nlp_pipeline.py] Procesando PDFs a Markdown:  49%|████▉     | 1301/2667 [31:34<43:55,  1.93s/it]
[nlp_pipeline.py] Procesando PDFs a Markdown:  49%|████▉     | 1302/2667 [31:35<40:30,  1.78s/it]
[nlp_pipeline.py] Procesando PDFs a Markdown:  49%|████▉     | 1303/2667 [31:37<38:15,  1.68s/it]
[nlp_pipeline.py] Procesando PDFs a Markdown:  49%|████▉     | 1304/2667 [31:38<35:13,  1.55s/it]
[nlp_pipeline.py] Procesando PDFs a Markdown:  49%|████▉     | 1305/2667 [31:40<37:21,  1.65s/it]
[nlp_pipeline.py] Procesando PDFs a Markdown:  49%|████▉     | 1306/2667 [31:41<34:24,  1.52s/it]
[nlp_pipeline.py] Procesando PDFs a Markdown:  49%|████▉     | 1307/2667 [31:42<28:05,  1.24s/it]
[nlp_pipeline.py] Procesando PDFs a Markdown:  49%|████▉     | 1308/2667 [31:43<25:33,  1.13s/it]
[nlp_pipeline.py] Procesando PDFs a Markdown:  49%|████▉     | 1309/2667 [31:43<22:21,  1.01it/s]
[nlp_pipeline.py] Procesando PDFs a Markdown:  49%|████▉     | 1310/2667 [31:44<23:12,  1.03s/it]
[nlp_pipeline.py] Procesando PDFs a Markdown:  49%|████▉     | 1311/2667 [31:46<29:17,  1.30s/it]
[nlp_pipeline.py] Procesando PDFs a Markdown:  49%|████▉     | 1312/2667 [31:48<33:17,  1.47s/it]
[nlp_pipeline.py] Procesando PDFs a Markdown:  49%|████▉     | 1313/2667 [31:49<32:10,  1.43s/it]
[nlp_pipeline.py] Procesando PDFs a Markdown:  49%|████▉     | 1314/2667 [31:51<31:39,  1.40s/it]
[nlp_pipeline.py] Procesando PDFs a Markdown:  49%|████▉     | 1315/2667 [31:52<27:35,  1.22s/it]
[nlp_pipeline.py] Procesando PDFs a Markdown:  49%|████▉     | 1316/2667 [31:52<22:30,  1.00it/s]
[nlp_pipeline.py] Procesando PDFs a Markdown:  49%|████▉     | 1317/2667 [31:53<21:15,  1.06it/s]
[nlp_pipeline.py] Procesando PDFs a Markdown:  49%|████▉     | 1318/2667 [31:54<23:23,  1.04s/it]
[nlp_pipeline.py] Procesando PDFs a Markdown:  49%|████▉     | 1319/2667 [31:55<23:30,  1.05s/it]
[nlp_pipeline.py] Procesando PDFs a Markdown:  49%|████▉     | 1320/2667 [31:56<19:37,  1.14it/s]
[nlp_pipeline.py] Procesando PDFs a Markdown:  50%|████▉     | 1321/2667 [31:57<20:49,  1.08it/s]
[nlp_pipeline.py] Procesando PDFs a Markdown:  50%|████▉     | 1322/2667 [31:57<16:51,  1.33it/s]
[nlp_pipeline.py] Procesando PDFs a Markdown:  50%|████▉     | 1323/2667 [31:57<12:57,  1.73it/s]
[nlp_pipeline.py] Procesando PDFs a Markdown:  50%|████▉     | 1324/2667 [31:59<17:12,  1.30it/s]
[nlp_pipeline.py] Procesando PDFs a Markdown:  50%|████▉     | 1325/2667 [32:00<23:05,  1.03s/it]
[nlp_pipeline.py] Procesando PDFs a Markdown:  50%|████▉     | 1326/2667 [32:01<23:26,  1.05s/it]
[nlp_pipeline.py] Procesando PDFs a Markdown:  50%|████▉     | 1327/2667 [32:02<23:07,  1.04s/it]
[nlp_pipeline.py] Procesando PDFs a Markdown:  50%|████▉     | 1328/2667 [32:04<25:46,  1.16s/it]
[nlp_pipeline.py] Procesando PDFs a Markdown:  50%|████▉     | 1329/2667 [32:05<27:28,  1.23s/it]
[nlp_pipeline.py] Procesando PDFs a Markdown:  50%|████▉     | 1330/2667 [32:07<30:49,  1.38s/it]
[nlp_pipeline.py] Procesando PDFs a Markdown:  50%|████▉     | 1331/2667 [32:08<27:41,  1.24s/it]
[nlp_pipeline.py] Procesando PDFs a Markdown:  50%|████▉     | 1332/2667 [32:08<23:51,  1.07s/it]
[nlp_pipeline.py] Procesando PDFs a Markdown:  50%|████▉     | 1333/2667 [32:09<18:20,  1.21it/s]
[nlp_pipeline.py] Procesando PDFs a Markdown:  50%|█████     | 1334/2667 [32:09<14:01,  1.58it/s]
[nlp_pipeline.py] Procesando PDFs a Markdown:  50%|█████     | 1335/2667 [32:10<20:02,  1.11it/s]
[nlp_pipeline.py] Procesando PDFs a Markdown:  50%|█████     | 1336/2667 [32:13<29:52,  1.35s/it]
[nlp_pipeline.py] Procesando PDFs a Markdown:  50%|█████     | 1337/2667 [32:13<25:37,  1.16s/it]
[nlp_pipeline.py] Procesando PDFs a Markdown:  50%|█████     | 1338/2667 [32:15<26:42,  1.21s/it]
[nlp_pipeline.py] Procesando PDFs a Markdown:  50%|█████     | 1339/2667 [32:17<30:11,  1.36s/it]
[nlp_pipeline.py] Procesando PDFs a Markdown:  50%|█████     | 1340/2667 [32:18<28:36,  1.29s/it]
[nlp_pipeline.py] Procesando PDFs a Markdown:  50%|█████     | 1341/2667 [32:19<25:32,  1.16s/it]
[nlp_pipeline.py] Procesando PDFs a Markdown:  50%|█████     | 1342/2667 [32:21<32:51,  1.49s/it]
[nlp_pipeline.py] Procesando PDFs a Markdown:  50%|█████     | 1343/2667 [32:22<33:01,  1.50s/it]
[nlp_pipeline.py] Procesando PDFs a Markdown:  50%|█████     | 1344/2667 [32:24<36:21,  1.65s/it]
[nlp_pipeline.py] Procesando PDFs a Markdown:  50%|█████     | 1345/2667 [32:25<32:41,  1.48s/it]
[nlp_pipeline.py] Procesando PDFs a Markdown:  50%|█████     | 1346/2667 [32:27<33:43,  1.53s/it]
[nlp_pipeline.py] Procesando PDFs a Markdown:  51%|█████     | 1347/2667 [32:30<41:33,  1.89s/it]
[nlp_pipeline.py] Procesando PDFs a Markdown:  51%|█████     | 1348/2667 [32:30<30:22,  1.38s/it]
[nlp_pipeline.py] Procesando PDFs a Markdown:  51%|█████     | 1349/2667 [32:31<29:42,  1.35s/it]
[nlp_pipeline.py] Procesando PDFs a Markdown:  51%|█████     | 1350/2667 [32:35<43:24,  1.98s/it]
[nlp_pipeline.py] Procesando PDFs a Markdown:  51%|█████     | 1351/2667 [32:38<50:36,  2.31s/it]
[nlp_pipeline.py] Procesando PDFs a Markdown:  51%|█████     | 1352/2667 [32:40<53:18,  2.43s/it]
[nlp_pipeline.py] Procesando PDFs a Markdown:  51%|█████     | 1353/2667 [32:41<43:42,  2.00s/it]
[nlp_pipeline.py] Procesando PDFs a Markdown:  51%|█████     | 1354/2667 [32:42<36:44,  1.68s/it]
[nlp_pipeline.py] Procesando PDFs a Markdown:  51%|█████     | 1355/2667 [32:43<31:56,  1.46s/it]
[nlp_pipeline.py] Procesando PDFs a Markdown:  51%|█████     | 1356/2667 [32:44<26:13,  1.20s/it]
[nlp_pipeline.py] Procesando PDFs a Markdown:  51%|█████     | 1357/2667 [32:46<29:15,  1.34s/it]
[nlp_pipeline.py] Procesando PDFs a Markdown:  51%|█████     | 1358/2667 [32:47<30:53,  1.42s/it]
[nlp_pipeline.py] Procesando PDFs a Markdown:  51%|█████     | 1359/2667 [32:49<36:33,  1.68s/it]
[nlp_pipeline.py] Procesando PDFs a Markdown:  51%|█████     | 1360/2667 [32:50<28:52,  1.33s/it]
[nlp_pipeline.py] Procesando PDFs a Markdown:  51%|█████     | 1361/2667 [32:51<25:58,  1.19s/it]
[nlp_pipeline.py] Procesando PDFs a Markdown:  51%|█████     | 1362/2667 [32:52<26:42,  1.23s/it]
[nlp_pipeline.py] Procesando PDFs a Markdown:  51%|█████     | 1363/2667 [32:54<30:27,  1.40s/it]
